// Jest Snapshot v1, https://goo.gl/fbAQLP

exports[`utils getListScoreKeyFromIndex 1`] = `"hmcs97kF5"`;

exports[`utils getListScoreKeyFromIndex 2`] = `"m1uti3kcG"`;

exports[`utils getListScoreKeyFromIndex 3`] = `"aZuy5YQTO5"`;

exports[`utils getListScoreKeyFromIndex 4`] = `"f6OodXOVM1"`;

exports[`utils getListScoreKeyFromIndex 5`] = `"yXMqj8ait2"`;

exports[`utils mapWordsForList 1`] = `
Object {
  "english": "aunt",
  "english_alternate_choices": Array [
    "",
  ],
  "key": "阿姨",
  "pinyin": "āyí",
  "simplified": "阿姨",
  "traditional": "阿姨",
}
`;
