// Jest Snapshot v1, https://goo.gl/fbAQLP

exports[`HSK_LISTS content Lesson content doesn't change 2`] = `"1-2"`;

exports[`HSK_LISTS content Lesson content doesn't change 3`] = `300`;

exports[`HSK_LISTS content Lesson content doesn't change 4`] = `"3"`;

exports[`HSK_LISTS content Lesson content doesn't change 5`] = `300`;

exports[`HSK_LISTS content Lesson content doesn't change 6`] = `"4"`;

exports[`HSK_LISTS content Lesson content doesn't change 7`] = `600`;

exports[`HSK_LISTS content Lesson content doesn't change 8`] = `"5"`;

exports[`HSK_LISTS content Lesson content doesn't change 9`] = `1300`;

exports[`HSK_LISTS content Lesson content doesn't change 10`] = `"6"`;

exports[`HSK_LISTS content Lesson content doesn't change 11`] = `2500`;

exports[`HSK_LISTS content Lesson content doesn't change 12`] = `"7"`;

exports[`HSK_LISTS content Lesson content doesn't change 13`] = `1`;

exports[`HSK_LISTS content Lesson content doesn't change 14`] = `"8"`;

exports[`HSK_LISTS content Lesson content doesn't change 15`] = `1`;
